Sent
2026-08-11 20:00:02,317 [INFO] ============================================================
2026-08-11 20:00:02,319 [INFO] SCANNER RUN STARTED - BETFAIR
2026-08-11 20:00:02,319 [INFO] ============================================================
2026-08-11 20:00:02,983 [INFO] Using cached Betfair session token
2026-08-11 20:00:03,156 [INFO] Catalogue: 100 markets for sport ID 1 (window=48h)
2026-08-11 20:00:03,299 [INFO] Catalogue: 100 markets for sport ID 2 (window=48h)
2026-08-11 20:00:03,430 [INFO] Catalogue: 100 markets for sport ID 4 (window=48h)
2026-08-11 20:00:03,535 [INFO] Catalogue: 5 markets for sport ID 2378961 (window=168h)
2026-08-11 20:00:03,659 [INFO] Catalogue: 39 markets for sport ID 3 (window=168h)
2026-08-11 20:00:03,774 [INFO] Catalogue: 18 markets for sport ID 7522 (window=48h)
2026-08-11 20:00:03,857 [INFO] Catalogue: 0 markets for sport ID 6423 (window=48h)
2026-08-11 20:00:03,961 [INFO] Catalogue: 15 markets for sport ID 3503 (window=168h)
2026-08-11 20:00:04,048 [INFO] Catalogue: 0 markets for sport ID 61420 (window=48h)
2026-08-11 20:00:04,129 [INFO] Catalogue: 0 markets for sport ID 7524 (window=48h)
2026-08-11 20:00:04,269 [INFO] Catalogue: 19 markets for sport ID 1477 (window=48h)
2026-08-11 20:00:04,366 [INFO] Catalogue: 10 markets for sport ID 6 (window=48h)
2026-08-11 20:00:04,465 [INFO] Catalogue: 5 markets for sport ID 26420387 (window=48h)
2026-08-11 20:00:04,588 [INFO] Catalogue: 78 markets for sport ID 7511 (window=48h)
2026-08-11 20:00:04,680 [INFO] Catalogue: 7 markets for sport ID 6422 (window=168h)
2026-08-11 20:00:04,762 [INFO] Catalogue: 0 markets for sport ID 5 (window=48h)
2026-08-11 20:00:04,900 [INFO] Catalogue: 0 markets for sport ID 8 (window=168h)
2026-08-11 20:00:04,900 [INFO] Betfair: fetching prices for 496 markets...
2026-08-11 20:00:09,647 [INFO] Betfair: enriching 496 markets with price data...
2026-08-11 20:00:09,653 [INFO] Betfair: enriched 50/496 markets, 13 tradeable so far
2026-08-11 20:00:09,659 [INFO] Betfair: enriched 100/496 markets, 25 tradeable so far
2026-08-11 20:00:09,662 [INFO] Betfair: enriched 150/496 markets, 29 tradeable so far
2026-08-11 20:00:09,664 [INFO] Betfair: enriched 200/496 markets, 32 tradeable so far
2026-08-11 20:00:09,668 [INFO] Betfair: enriched 250/496 markets, 39 tradeable so far
2026-08-11 20:00:09,673 [INFO] Betfair: enriched 300/496 markets, 39 tradeable so far
2026-08-11 20:00:09,723 [INFO] Betfair: enriched 350/496 markets, 66 tradeable so far
2026-08-11 20:00:09,769 [INFO] Betfair: enriched 400/496 markets, 72 tradeable so far
2026-08-11 20:00:09,780 [INFO] Betfair: enriched 450/496 markets, 111 tradeable so far
2026-08-11 20:00:09,791 [INFO] Betfair: enriched 496/496 markets, 129 tradeable so far
2026-08-11 20:00:09,792 [INFO] Betfair: 496 total markets, 130 above 100 GBP volume
2026-08-11 20:00:09,926 [INFO] Outrights: 34 markets for sport 1
2026-08-11 20:00:10,050 [INFO] Outrights: 15 markets for sport 3
2026-08-11 20:00:10,147 [INFO] Outrights: 50 markets for sport 2378961
2026-08-11 20:00:11,093 [INFO] Outrights: 91 markets above 25 GBP
2026-08-11 20:00:11,102 [INFO] Betfair: added 78 outright markets for cross-ref
2026-08-11 20:00:11,103 [INFO] betfair: 574 total, 208 above 100 GBP threshold
2026-08-11 20:00:11,528 [INFO] Snapshot written: /home/jwfalc/smarkets-bot/data/snapshots/betfair/2026-08-11_19-00.json
2026-08-11 20:00:11,758 [INFO] Market log updated (betfair)
